{
	"start":	{
		"connected":	[{
				"socket":	6,
				"local_host":	"127.0.0.1",
				"local_port":	55798,
				"remote_host":	"127.0.0.1",
				"remote_port":	5201
			}],
		"version":	"iperf 3.20",
		"system_info":	"Linux mathias-GL502VSK 7.0.0-31-generic #31-Ubuntu SMP PREEMPT_DYNAMIC Sat Aug  1 04:26:38 UTC 2026 x86_64",
		"timestamp":	{
			"time":	"Thu, 08 Oct 2026 12:25:56 GMT",
			"timesecs":	1791462356,
			"timemillisecs":	1791462356719
		},
		"connecting_to":	{
			"host":	"localhost",
			"port":	5201
		},
		"cookie":	"ym3ai3ggulq3o6xtiu423emg32x7uaypma4w",
		"tcp_mss_default":	32741,
		"target_bitrate":	0,
		"fq_rate":	0,
		"sock_bufsize":	0,
		"sndbuf_actual":	16384,
		"rcvbuf_actual":	131072,
		"test_start":	{
			"protocol":	"TCP",
			"num_streams":	1,
			"blksize":	131072,
			"omit":	0,
			"duration":	5,
			"bytes":	0,
			"blocks":	0,
			"reverse":	0,
			"tos":	0,
			"target_bitrate":	0,
			"bidir":	0,
			"fqrate":	0,
			"interval":	0.5
		}
	},
	"intervals":	[{
			"streams":	[{
					"socket":	6,
					"start":	0,
					"end":	0.500324,
					"seconds":	0.500324010848999,
					"bytes":	2092040192,
					"bits_per_second":	33450966120.135155,
					"retransmits":	0,
					"snd_cwnd":	1506109,
					"snd_wnd":	2203648,
					"rtt":	39,
					"rttvar":	3,
					"pmtu":	65535,
					"reorder":	0,
					"omitted":	false,
					"sender":	true
				}],
			"sum":	{
				"start":	0,
				"end":	0.500324,
				"seconds":	0.500324010848999,
				"bytes":	2092040192,
				"bits_per_second":	33450966120.135155,
				"retransmits":	0,
				"omitted":	false,
				"sender":	true
			}
		}, {
			"streams":	[{
					"socket":	6,
					"start":	0.500324,
					"end":	1.000316,
					"seconds":	0.4999920129776001,
					"bytes":	2359033856,
					"bits_per_second":	37745144638.631432,
					"retransmits":	0,
					"snd_cwnd":	1506109,
					"snd_wnd":	2203648,
					"rtt":	37,
					"rttvar":	4,
					"pmtu":	65535,
					"reorder":	0,
					"omitted":	false,
					"sender":	true
				}],
			"sum":	{
				"start":	0.500324,
				"end":	1.000316,
				"seconds":	0.4999920129776001,
				"bytes":	2359033856,
				"bits_per_second":	37745144638.631432,
				"retransmits":	0,
				"omitted":	false,
				"sender":	true
			}
		}, {
			"streams":	[{
					"socket":	6,
					"start":	1.000316,
					"end":	1.500426,
					"seconds":	0.5001099705696106,
					"bytes":	2317877248,
					"bits_per_second":	37077881016.6093,
					"retransmits":	0,
					"snd_cwnd":	1506109,
					"snd_wnd":	2203648,
					"rtt":	37,
					"rttvar":	1,
					"pmtu":	65535,
					"reorder":	0,
					"omitted":	false,
					"sender":	true
				}],
			"sum":	{
				"start":	1.000316,
				"end":	1.500426,
				"seconds":	0.5001099705696106,
				"bytes":	2317877248,
				"bits_per_second":	37077881016.6093,
				"retransmits":	0,
				"omitted":	false,
				"sender":	true
			}
		}, {
			"streams":	[{
					"socket":	6,
					"start":	1.500426,
					"end":	2.000304,
					"seconds":	0.49987798929214478,
					"bytes":	2364538880,
					"bits_per_second":	37841856303.348251,
					"retransmits":	0,
					"snd_cwnd":	1506109,
					"snd_wnd":	2203648,
					"rtt":	35,
					"rttvar":	2,
					"pmtu":	65535,
					"reorder":	0,
					"omitted":	false,
					"sender":	true
				}],
			"sum":	{
				"start":	1.500426,
				"end":	2.000304,
				"seconds":	0.49987798929214478,
				"bytes":	2364538880,
				"bits_per_second":	37841856303.348251,
				"retransmits":	0,
				"omitted":	false,
				"sender":	true
			}
		}, {
			"streams":	[{
					"socket":	6,
					"start":	2.000304,
					"end":	2.500359,
					"seconds":	0.50005501508712769,
					"bytes":	2310799360,
					"bits_per_second":	36968722085.066978,
					"retransmits":	0,
					"snd_cwnd":	1506109,
					"snd_wnd":	2203648,
					"rtt":	36,
					"rttvar":	5,
					"pmtu":	65535,
					"reorder":	0,
					"omitted":	false,
					"sender":	true
				}],
			"sum":	{
				"start":	2.000304,
				"end":	2.500359,
				"seconds":	0.50005501508712769,
				"bytes":	2310799360,
				"bits_per_second":	36968722085.066978,
				"retransmits":	0,
				"omitted":	false,
				"sender":	true
			}
		}, {
			"streams":	[{
					"socket":	6,
					"start":	2.500359,
					"end":	3.000304,
					"seconds":	0.4999450147151947,
					"bytes":	2366504960,
					"bits_per_second":	37868243752.3356,
					"retransmits":	0,
					"snd_cwnd":	1506109,
					"snd_wnd":	2203648,
					"rtt":	37,
					"rttvar":	4,
					"pmtu":	65535,
					"reorder":	0,
					"omitted":	false,
					"sender":	true
				}],
			"sum":	{
				"start":	2.500359,
				"end":	3.000304,
				"seconds":	0.4999450147151947,
				"bytes":	2366504960,
				"bits_per_second":	37868243752.3356,
				"retransmits":	0,
				"omitted":	false,
				"sender":	true
			}
		}, {
			"streams":	[{
					"socket":	6,
					"start":	3.000304,
					"end":	3.500393,
					"seconds":	0.50008898973464966,
					"bytes":	2352611328,
					"bits_per_second":	37635082975.904915,
					"retransmits":	0,
					"snd_cwnd":	1506109,
					"snd_wnd":	2203648,
					"rtt":	34,
					"rttvar":	10,
					"pmtu":	65535,
					"reorder":	0,
					"omitted":	false,
					"sender":	true
				}],
			"sum":	{
				"start":	3.000304,
				"end":	3.500393,
				"seconds":	0.50008898973464966,
				"bytes":	2352611328,
				"bits_per_second":	37635082975.904915,
				"retransmits":	0,
				"omitted":	false,
				"sender":	true
			}
		}, {
			"streams":	[{
					"socket":	6,
					"start":	3.500393,
					"end":	4.000347,
					"seconds":	0.4999539852142334,
					"bytes":	2356674560,
					"bits_per_second":	37710263419.384888,
					"retransmits":	0,
					"snd_cwnd":	1506109,
					"snd_wnd":	2203648,
					"rtt":	38,
					"rttvar":	8,
					"pmtu":	65535,
					"reorder":	0,
					"omitted":	false,
					"sender":	true
				}],
			"sum":	{
				"start":	3.500393,
				"end":	4.000347,
				"seconds":	0.4999539852142334,
				"bytes":	2356674560,
				"bits_per_second":	37710263419.384888,
				"retransmits":	0,
				"omitted":	false,
				"sender":	true
			}
		}, {
			"streams":	[{
					"socket":	6,
					"start":	4.000347,
					"end":	4.500332,
					"seconds":	0.499985009431839,
					"bytes":	2300182528,
					"bits_per_second":	36804023874.456978,
					"retransmits":	0,
					"snd_cwnd":	1506109,
					"snd_wnd":	2203648,
					"rtt":	36,
					"rttvar":	3,
					"pmtu":	65535,
					"reorder":	0,
					"omitted":	false,
					"sender":	true
				}],
			"sum":	{
				"start":	4.000347,
				"end":	4.500332,
				"seconds":	0.499985009431839,
				"bytes":	2300182528,
				"bits_per_second":	36804023874.456978,
				"retransmits":	0,
				"omitted":	false,
				"sender":	true
			}
		}, {
			"streams":	[{
					"socket":	6,
					"start":	4.500332,
					"end":	5.000547,
					"seconds":	0.500214993953705,
					"bytes":	2329149440,
					"bits_per_second":	37250373829.706734,
					"retransmits":	0,
					"snd_cwnd":	1506109,
					"snd_wnd":	2203648,
					"rtt":	37,
					"rttvar":	5,
					"pmtu":	65535,
					"reorder":	0,
					"omitted":	false,
					"sender":	true
				}],
			"sum":	{
				"start":	4.500332,
				"end":	5.000547,
				"seconds":	0.500214993953705,
				"bytes":	2329149440,
				"bits_per_second":	37250373829.706734,
				"retransmits":	0,
				"omitted":	false,
				"sender":	true
			}
		}],
	"end":	{
		"streams":	[{
				"sender":	{
					"socket":	6,
					"start":	0,
					"end":	5.000547,
					"seconds":	5.000547,
					"bytes":	23274455040,
					"bits_per_second":	37235054549.032333,
					"retransmits":	0,
					"reorder":	0,
					"max_snd_cwnd":	1506109,
					"max_snd_wnd":	2203648,
					"max_rtt":	39,
					"min_rtt":	34,
					"mean_rtt":	36,
					"sender":	true
				},
				"receiver":	{
					"socket":	6,
					"start":	0,
					"end":	5.00072,
					"seconds":	5.000547,
					"bytes":	23274455040,
					"bits_per_second":	37233766401.638161,
					"sender":	true
				}
			}],
		"sum_sent":	{
			"start":	0,
			"end":	5.000547,
			"seconds":	5.000547,
			"bytes":	23274455040,
			"bits_per_second":	37235054549.032333,
			"retransmits":	0,
			"sender":	true
		},
		"sum_received":	{
			"start":	0,
			"end":	5.00072,
			"seconds":	5.00072,
			"bytes":	23274455040,
			"bits_per_second":	37233766401.638161,
			"sender":	true
		},
		"cpu_utilization_percent":	{
			"host_total":	100.00805494793666,
			"host_user":	1.8601533118428122,
			"host_system":	98.147801698774529,
			"remote_total":	73.1868857468063,
			"remote_user":	5.487515167609585,
			"remote_system":	67.699290591802736
		},
		"sender_tcp_congestion":	"cubic",
		"receiver_tcp_congestion":	"cubic"
	}
}
{
	"start":	{
		"connected":	[{
				"socket":	6,
				"local_host":	"127.0.0.1",
				"local_port":	34084,
				"remote_host":	"127.0.0.1",
				"remote_port":	5201
			}],
		"version":	"iperf 3.20",
		"system_info":	"Linux mathias-GL502VSK 7.0.0-31-generic #31-Ubuntu SMP PREEMPT_DYNAMIC Sat Aug  1 04:26:38 UTC 2026 x86_64",
		"timestamp":	{
			"time":	"Thu, 08 Oct 2026 12:30:32 GMT",
			"timesecs":	1791462632,
			"timemillisecs":	1791462632966
		},
		"connecting_to":	{
			"host":	"localhost",
			"port":	5201
		},
		"cookie":	"4khzkmcnpfzinrptstfdp4kg6ncpgiglqmcm",
		"tcp_mss_default":	32768,
		"target_bitrate":	0,
		"fq_rate":	0,
		"sock_bufsize":	0,
		"sndbuf_actual":	16384,
		"rcvbuf_actual":	131072,
		"test_start":	{
			"protocol":	"TCP",
			"num_streams":	1,
			"blksize":	131072,
			"omit":	0,
			"duration":	5,
			"bytes":	0,
			"blocks":	0,
			"reverse":	0,
			"tos":	0,
			"target_bitrate":	0,
			"bidir":	0,
			"fqrate":	0,
			"interval":	0.5
		}
	},
	"intervals":	[{
			"streams":	[{
					"socket":	6,
					"start":	0,
					"end":	0.50038,
					"seconds":	0.500379979610443,
					"bytes":	2080112640,
					"bits_per_second":	33256528634.409615,
					"retransmits":	0,
					"snd_cwnd":	1506109,
					"snd_wnd":	1660928,
					"rtt":	37,
					"rttvar":	2,
					"pmtu":	65535,
					"reorder":	0,
					"omitted":	false,
					"sender":	true
				}],
			"sum":	{
				"start":	0,
				"end":	0.50038,
				"seconds":	0.500379979610443,
				"bytes":	2080112640,
				"bits_per_second":	33256528634.409615,
				"retransmits":	0,
				"omitted":	false,
				"sender":	true
			}
		}, {
			"streams":	[{
					"socket":	6,
					"start":	0.50038,
					"end":	1.000401,
					"seconds":	0.500020980834961,
					"bytes":	2354708480,
					"bits_per_second":	37673754826.335258,
					"retransmits":	0,
					"snd_cwnd":	1506109,
					"snd_wnd":	1660928,
					"rtt":	38,
					"rttvar":	3,
					"pmtu":	65535,
					"reorder":	0,
					"omitted":	false,
					"sender":	true
				}],
			"sum":	{
				"start":	0.50038,
				"end":	1.000401,
				"seconds":	0.500020980834961,
				"bytes":	2354708480,
				"bits_per_second":	37673754826.335258,
				"retransmits":	0,
				"omitted":	false,
				"sender":	true
			}
		}, {
			"streams":	[{
					"socket":	6,
					"start":	1.000401,
					"end":	1.500385,
					"seconds":	0.49998399615287781,
					"bytes":	2283536384,
					"bits_per_second":	36537751633.182655,
					"retransmits":	0,
					"snd_cwnd":	1506109,
					"snd_wnd":	1660928,
					"rtt":	49,
					"rttvar":	16,
					"pmtu":	65535,
					"reorder":	0,
					"omitted":	false,
					"sender":	true
				}],
			"sum":	{
				"start":	1.000401,
				"end":	1.500385,
				"seconds":	0.49998399615287781,
				"bytes":	2283536384,
				"bits_per_second":	36537751633.182655,
				"retransmits":	0,
				"omitted":	false,
				"sender":	true
			}
		}, {
			"streams":	[{
					"socket":	6,
					"start":	1.500385,
					"end":	2.00037,
					"seconds":	0.499985009431839,
					"bytes":	2368602112,
					"bits_per_second":	37898770040.191,
					"retransmits":	0,
					"snd_cwnd":	1506109,
					"snd_wnd":	1660928,
					"rtt":	32,
					"rttvar":	4,
					"pmtu":	65535,
					"reorder":	0,
					"omitted":	false,
					"sender":	true
				}],
			"sum":	{
				"start":	1.500385,
				"end":	2.00037,
				"seconds":	0.499985009431839,
				"bytes":	2368602112,
				"bits_per_second":	37898770040.191,
				"retransmits":	0,
				"omitted":	false,
				"sender":	true
			}
		}, {
			"streams":	[{
					"socket":	6,
					"start":	2.00037,
					"end":	2.500387,
					"seconds":	0.500016987323761,
					"bytes":	2283143168,
					"bits_per_second":	36529049626.414627,
					"retransmits":	0,
					"snd_cwnd":	1506109,
					"snd_wnd":	1660928,
					"rtt":	40,
					"rttvar":	1,
					"pmtu":	65535,
					"reorder":	0,
					"omitted":	false,
					"sender":	true
				}],
			"sum":	{
				"start":	2.00037,
				"end":	2.500387,
				"seconds":	0.500016987323761,
				"bytes":	2283143168,
				"bits_per_second":	36529049626.414627,
				"retransmits":	0,
				"omitted":	false,
				"sender":	true
			}
		}, {
			"streams":	[{
					"socket":	6,
					"start":	2.500387,
					"end":	3.000533,
					"seconds":	0.500145971775055,
					"bytes":	2361655296,
					"bits_per_second":	37775456435.1413,
					"retransmits":	0,
					"snd_cwnd":	1506109,
					"snd_wnd":	1660928,
					"rtt":	39,
					"rttvar":	2,
					"pmtu":	65535,
					"reorder":	0,
					"omitted":	false,
					"sender":	true
				}],
			"sum":	{
				"start":	2.500387,
				"end":	3.000533,
				"seconds":	0.500145971775055,
				"bytes":	2361655296,
				"bits_per_second":	37775456435.1413,
				"retransmits":	0,
				"omitted":	false,
				"sender":	true
			}
		}, {
			"streams":	[{
					"socket":	6,
					"start":	3.000533,
					"end":	3.500385,
					"seconds":	0.49985200166702271,
					"bytes":	2335178752,
					"bits_per_second":	37373922588.479836,
					"retransmits":	0,
					"snd_cwnd":	1506109,
					"snd_wnd":	1660928,
					"rtt":	39,
					"rttvar":	3,
					"pmtu":	65535,
					"reorder":	0,
					"omitted":	false,
					"sender":	true
				}],
			"sum":	{
				"start":	3.000533,
				"end":	3.500385,
				"seconds":	0.49985200166702271,
				"bytes":	2335178752,
				"bits_per_second":	37373922588.479836,
				"retransmits":	0,
				"omitted":	false,
				"sender":	true
			}
		}, {
			"streams":	[{
					"socket":	6,
					"start":	3.500385,
					"end":	4.000404,
					"seconds":	0.50001901388168335,
					"bytes":	2330066944,
					"bits_per_second":	37279653442.1605,
					"retransmits":	0,
					"snd_cwnd":	1506109,
					"snd_wnd":	1660928,
					"rtt":	40,
					"rttvar":	0,
					"pmtu":	65535,
					"reorder":	0,
					"omitted":	false,
					"sender":	true
				}],
			"sum":	{
				"start":	3.500385,
				"end":	4.000404,
				"seconds":	0.50001901388168335,
				"bytes":	2330066944,
				"bits_per_second":	37279653442.1605,
				"retransmits":	0,
				"omitted":	false,
				"sender":	true
			}
		}, {
			"streams":	[{
					"socket":	6,
					"start":	4.000404,
					"end":	4.500375,
					"seconds":	0.49997100234031677,
					"bytes":	2253389824,
					"bits_per_second":	36056328282.2739,
					"retransmits":	0,
					"snd_cwnd":	1506109,
					"snd_wnd":	1660928,
					"rtt":	37,
					"rttvar":	6,
					"pmtu":	65535,
					"reorder":	0,
					"omitted":	false,
					"sender":	true
				}],
			"sum":	{
				"start":	4.000404,
				"end":	4.500375,
				"seconds":	0.49997100234031677,
				"bytes":	2253389824,
				"bits_per_second":	36056328282.2739,
				"retransmits":	0,
				"omitted":	false,
				"sender":	true
			}
		}, {
			"streams":	[{
					"socket":	6,
					"start":	4.500375,
					"end":	5.00083,
					"seconds":	0.50045502185821533,
					"bytes":	2396520448,
					"bits_per_second":	38309463881.115166,
					"retransmits":	0,
					"snd_cwnd":	1506109,
					"snd_wnd":	1660928,
					"rtt":	56,
					"rttvar":	14,
					"pmtu":	65535,
					"reorder":	0,
					"omitted":	false,
					"sender":	true
				}],
			"sum":	{
				"start":	4.500375,
				"end":	5.00083,
				"seconds":	0.50045502185821533,
				"bytes":	2396520448,
				"bits_per_second":	38309463881.115166,
				"retransmits":	0,
				"omitted":	false,
				"sender":	true
			}
		}],
	"end":	{
		"streams":	[{
				"sender":	{
					"socket":	6,
					"start":	0,
					"end":	5.00083,
					"seconds":	5.00083,
					"bytes":	23396352000,
					"bits_per_second":	37427950160.2734,
					"retransmits":	0,
					"reorder":	0,
					"max_snd_cwnd":	1506109,
					"max_snd_wnd":	1660928,
					"max_rtt":	56,
					"min_rtt":	32,
					"mean_rtt":	40,
					"sender":	true
				},
				"receiver":	{
					"socket":	6,
					"start":	0,
					"end":	5.000961,
					"seconds":	5.00083,
					"bytes":	23396352000,
					"bits_per_second":	37426969736.416656,
					"sender":	true
				}
			}],
		"sum_sent":	{
			"start":	0,
			"end":	5.00083,
			"seconds":	5.00083,
			"bytes":	23396352000,
			"bits_per_second":	37427950160.2734,
			"retransmits":	0,
			"sender":	true
		},
		"sum_received":	{
			"start":	0,
			"end":	5.000961,
			"seconds":	5.000961,
			"bytes":	23396352000,
			"bits_per_second":	37426969736.416656,
			"sender":	true
		},
		"cpu_utilization_percent":	{
			"host_total":	100.09718860807959,
			"host_user":	2.181135493235685,
			"host_system":	97.91601312775974,
			"remote_total":	74.0192374256171,
			"remote_user":	6.1268979026315034,
			"remote_system":	67.892359519062367
		},
		"sender_tcp_congestion":	"cubic",
		"receiver_tcp_congestion":	"cubic"
	}
}
{
	"start":	{
		"connected":	[{
				"socket":	6,
				"local_host":	"127.0.0.1",
				"local_port":	45584,
				"remote_host":	"127.0.0.1",
				"remote_port":	5201
			}],
		"version":	"iperf 3.20",
		"system_info":	"Linux mathias-GL502VSK 7.0.0-31-generic #31-Ubuntu SMP PREEMPT_DYNAMIC Sat Aug  1 04:26:38 UTC 2026 x86_64",
		"timestamp":	{
			"time":	"Thu, 08 Oct 2026 12:31:46 GMT",
			"timesecs":	1791462706,
			"timemillisecs":	1791462706040
		},
		"connecting_to":	{
			"host":	"localhost",
			"port":	5201
		},
		"cookie":	"mtvkxxds2p47r6wivc7jrf3x7zzb3gzdovc2",
		"tcp_mss_default":	32768,
		"target_bitrate":	0,
		"fq_rate":	0,
		"sock_bufsize":	0,
		"sndbuf_actual":	16384,
		"rcvbuf_actual":	131072,
		"test_start":	{
			"protocol":	"TCP",
			"num_streams":	1,
			"blksize":	131072,
			"omit":	0,
			"duration":	5,
			"bytes":	0,
			"blocks":	0,
			"reverse":	0,
			"tos":	0,
			"target_bitrate":	0,
			"bidir":	0,
			"fqrate":	0,
			"interval":	0.5
		}
	},
	"intervals":	[{
			"streams":	[{
					"socket":	6,
					"start":	0,
					"end":	0.500527,
					"seconds":	0.500527024269104,
					"bytes":	1741946880,
					"bits_per_second":	27841803467.753738,
					"retransmits":	0,
					"snd_cwnd":	2357388,
					"snd_wnd":	2186240,
					"rtt":	31,
					"rttvar":	6,
					"pmtu":	65535,
					"reorder":	0,
					"omitted":	false,
					"sender":	true
				}],
			"sum":	{
				"start":	0,
				"end":	0.500527,
				"seconds":	0.500527024269104,
				"bytes":	1741946880,
				"bits_per_second":	27841803467.753738,
				"retransmits":	0,
				"omitted":	false,
				"sender":	true
			}
		}, {
			"streams":	[{
					"socket":	6,
					"start":	0.500527,
					"end":	1.000516,
					"seconds":	0.499989002943039,
					"bytes":	2229272576,
					"bits_per_second":	35669145727.254631,
					"retransmits":	0,
					"snd_cwnd":	2357388,
					"snd_wnd":	2186240,
					"rtt":	32,
					"rttvar":	9,
					"pmtu":	65535,
					"reorder":	0,
					"omitted":	false,
					"sender":	true
				}],
			"sum":	{
				"start":	0.500527,
				"end":	1.000516,
				"seconds":	0.499989002943039,
				"bytes":	2229272576,
				"bits_per_second":	35669145727.254631,
				"retransmits":	0,
				"omitted":	false,
				"sender":	true
			}
		}, {
			"streams":	[{
					"socket":	6,
					"start":	1.000516,
					"end":	1.500562,
					"seconds":	0.5000460147857666,
					"bytes":	2254962688,
					"bits_per_second":	36076082941.5443,
					"retransmits":	0,
					"snd_cwnd":	2357388,
					"snd_wnd":	2186240,
					"rtt":	36,
					"rttvar":	8,
					"pmtu":	65535,
					"reorder":	0,
					"omitted":	false,
					"sender":	true
				}],
			"sum":	{
				"start":	1.000516,
				"end":	1.500562,
				"seconds":	0.5000460147857666,
				"bytes":	2254962688,
				"bits_per_second":	36076082941.5443,
				"retransmits":	0,
				"omitted":	false,
				"sender":	true
			}
		}, {
			"streams":	[{
					"socket":	6,
					"start":	1.500562,
					"end":	2.000513,
					"seconds":	0.49995100498199463,
					"bytes":	1648230400,
					"bits_per_second":	26374270815.746994,
					"retransmits":	0,
					"snd_cwnd":	2357388,
					"snd_wnd":	2186240,
					"rtt":	40,
					"rttvar":	11,
					"pmtu":	65535,
					"reorder":	0,
					"omitted":	false,
					"sender":	true
				}],
			"sum":	{
				"start":	1.500562,
				"end":	2.000513,
				"seconds":	0.49995100498199463,
				"bytes":	1648230400,
				"bits_per_second":	26374270815.746994,
				"retransmits":	0,
				"omitted":	false,
				"sender":	true
			}
		}, {
			"streams":	[{
					"socket":	6,
					"start":	2.000513,
					"end":	2.500563,
					"seconds":	0.50005000829696655,
					"bytes":	2062680064,
					"bits_per_second":	32999580518.355331,
					"retransmits":	0,
					"snd_cwnd":	2357388,
					"snd_wnd":	2186240,
					"rtt":	38,
					"rttvar":	1,
					"pmtu":	65535,
					"reorder":	0,
					"omitted":	false,
					"sender":	true
				}],
			"sum":	{
				"start":	2.000513,
				"end":	2.500563,
				"seconds":	0.50005000829696655,
				"bytes":	2062680064,
				"bits_per_second":	32999580518.355331,
				"retransmits":	0,
				"omitted":	false,
				"sender":	true
			}
		}, {
			"streams":	[{
					"socket":	6,
					"start":	2.500563,
					"end":	3.000555,
					"seconds":	0.4999920129776001,
					"bytes":	2369781760,
					"bits_per_second":	37917113849.675316,
					"retransmits":	0,
					"snd_cwnd":	2357388,
					"snd_wnd":	2186240,
					"rtt":	31,
					"rttvar":	8,
					"pmtu":	65535,
					"reorder":	0,
					"omitted":	false,
					"sender":	true
				}],
			"sum":	{
				"start":	2.500563,
				"end":	3.000555,
				"seconds":	0.4999920129776001,
				"bytes":	2369781760,
				"bits_per_second":	37917113849.675316,
				"retransmits":	0,
				"omitted":	false,
				"sender":	true
			}
		}, {
			"streams":	[{
					"socket":	6,
					"start":	3.000555,
					"end":	3.500534,
					"seconds":	0.49997898936271667,
					"bytes":	2028339200,
					"bits_per_second":	32454790991.683266,
					"retransmits":	0,
					"snd_cwnd":	2357388,
					"snd_wnd":	2186240,
					"rtt":	46,
					"rttvar":	10,
					"pmtu":	65535,
					"reorder":	0,
					"omitted":	false,
					"sender":	true
				}],
			"sum":	{
				"start":	3.000555,
				"end":	3.500534,
				"seconds":	0.49997898936271667,
				"bytes":	2028339200,
				"bits_per_second":	32454790991.683266,
				"retransmits":	0,
				"omitted":	false,
				"sender":	true
			}
		}, {
			"streams":	[{
					"socket":	6,
					"start":	3.500534,
					"end":	4.000566,
					"seconds":	0.50003200769424438,
					"bytes":	1684537344,
					"bits_per_second":	26950872233.443867,
					"retransmits":	0,
					"snd_cwnd":	2357388,
					"snd_wnd":	2186240,
					"rtt":	33,
					"rttvar":	7,
					"pmtu":	65535,
					"reorder":	0,
					"omitted":	false,
					"sender":	true
				}],
			"sum":	{
				"start":	3.500534,
				"end":	4.000566,
				"seconds":	0.50003200769424438,
				"bytes":	1684537344,
				"bits_per_second":	26950872233.443867,
				"retransmits":	0,
				"omitted":	false,
				"sender":	true
			}
		}, {
			"streams":	[{
					"socket":	6,
					"start":	4.000566,
					"end":	4.500545,
					"seconds":	0.49997898936271667,
					"bytes":	2068185088,
					"bits_per_second":	33092351990.809063,
					"retransmits":	0,
					"snd_cwnd":	2357388,
					"snd_wnd":	2186240,
					"rtt":	37,
					"rttvar":	4,
					"pmtu":	65535,
					"reorder":	0,
					"omitted":	false,
					"sender":	true
				}],
			"sum":	{
				"start":	4.000566,
				"end":	4.500545,
				"seconds":	0.49997898936271667,
				"bytes":	2068185088,
				"bits_per_second":	33092351990.809063,
				"retransmits":	0,
				"omitted":	false,
				"sender":	true
			}
		}, {
			"streams":	[{
					"socket":	6,
					"start":	4.500545,
					"end":	5.000874,
					"seconds":	0.50032901763916,
					"bytes":	2218000384,
					"bits_per_second":	35464669140.571548,
					"retransmits":	0,
					"snd_cwnd":	2357388,
					"snd_wnd":	2186240,
					"rtt":	42,
					"rttvar":	16,
					"pmtu":	65535,
					"reorder":	0,
					"omitted":	false,
					"sender":	true
				}],
			"sum":	{
				"start":	4.500545,
				"end":	5.000874,
				"seconds":	0.50032901763916,
				"bytes":	2218000384,
				"bits_per_second":	35464669140.571548,
				"retransmits":	0,
				"omitted":	false,
				"sender":	true
			}
		}],
	"end":	{
		"streams":	[{
				"sender":	{
					"socket":	6,
					"start":	0,
					"end":	5.000874,
					"seconds":	5.000874,
					"bytes":	20438843392,
					"bits_per_second":	32696434090.520981,
					"retransmits":	0,
					"reorder":	0,
					"max_snd_cwnd":	2357388,
					"max_snd_wnd":	2186240,
					"max_rtt":	46,
					"min_rtt":	31,
					"mean_rtt":	36,
					"sender":	true
				},
				"receiver":	{
					"socket":	6,
					"start":	0,
					"end":	5.0011,
					"seconds":	5.000874,
					"bytes":	20438974464,
					"bits_per_second":	32695166205.834717,
					"sender":	true
				}
			}],
		"sum_sent":	{
			"start":	0,
			"end":	5.000874,
			"seconds":	5.000874,
			"bytes":	20438843392,
			"bits_per_second":	32696434090.520981,
			"retransmits":	0,
			"sender":	true
		},
		"sum_received":	{
			"start":	0,
			"end":	5.0011,
			"seconds":	5.0011,
			"bytes":	20438974464,
			"bits_per_second":	32695166205.834717,
			"sender":	true
		},
		"cpu_utilization_percent":	{
			"host_total":	97.8203660812552,
			"host_user":	2.2600434435349,
			"host_system":	95.560282652874562,
			"remote_total":	71.059480557394025,
			"remote_user":	5.8044481947079962,
			"remote_system":	65.254992371724
		},
		"sender_tcp_congestion":	"cubic",
		"receiver_tcp_congestion":	"cubic"
	}
}
{
	"start":	{
		"connected":	[{
				"socket":	6,
				"local_host":	"127.0.0.1",
				"local_port":	42870,
				"remote_host":	"127.0.0.1",
				"remote_port":	5201
			}],
		"version":	"iperf 3.20",
		"system_info":	"Linux mathias-GL502VSK 7.0.0-31-generic #31-Ubuntu SMP PREEMPT_DYNAMIC Sat Aug  1 04:26:38 UTC 2026 x86_64",
		"timestamp":	{
			"time":	"Thu, 08 Oct 2026 12:33:23 GMT",
			"timesecs":	1791462803,
			"timemillisecs":	1791462803696
		},
		"connecting_to":	{
			"host":	"localhost",
			"port":	5201
		},
		"cookie":	"htygfd4aaqld2nectkzsnazlqlrcm7t7koyn",
		"tcp_mss_default":	32768,
		"target_bitrate":	0,
		"fq_rate":	0,
		"sock_bufsize":	0,
		"sndbuf_actual":	16384,
		"rcvbuf_actual":	131072,
		"test_start":	{
			"protocol":	"TCP",
			"num_streams":	1,
			"blksize":	131072,
			"omit":	0,
			"duration":	5,
			"bytes":	0,
			"blocks":	0,
			"reverse":	0,
			"tos":	0,
			"target_bitrate":	0,
			"bidir":	0,
			"fqrate":	0,
			"interval":	0.5
		}
	},
	"intervals":	[{
			"streams":	[{
					"socket":	6,
					"start":	0,
					"end":	0.500519,
					"seconds":	0.50051897764205933,
					"bytes":	1754005504,
					"bits_per_second":	28034988999.028252,
					"retransmits":	0,
					"snd_cwnd":	1506109,
					"snd_wnd":	1664000,
					"rtt":	35,
					"rttvar":	4,
					"pmtu":	65535,
					"reorder":	0,
					"omitted":	false,
					"sender":	true
				}],
			"sum":	{
				"start":	0,
				"end":	0.500519,
				"seconds":	0.50051897764205933,
				"bytes":	1754005504,
				"bits_per_second":	28034988999.028252,
				"retransmits":	0,
				"omitted":	false,
				"sender":	true
			}
		}, {
			"streams":	[{
					"socket":	6,
					"start":	0.500519,
					"end":	1.000423,
					"seconds":	0.49990400671958923,
					"bytes":	2168061952,
					"bits_per_second":	34695652330.966484,
					"retransmits":	0,
					"snd_cwnd":	1571592,
					"snd_wnd":	1664000,
					"rtt":	48,
					"rttvar":	11,
					"pmtu":	65535,
					"reorder":	0,
					"omitted":	false,
					"sender":	true
				}],
			"sum":	{
				"start":	0.500519,
				"end":	1.000423,
				"seconds":	0.49990400671958923,
				"bytes":	2168061952,
				"bits_per_second":	34695652330.966484,
				"retransmits":	0,
				"omitted":	false,
				"sender":	true
			}
		}, {
			"streams":	[{
					"socket":	6,
					"start":	1.000423,
					"end":	1.500536,
					"seconds":	0.500113010406494,
					"bytes":	2375024640,
					"bits_per_second":	37991807300.826973,
					"retransmits":	0,
					"snd_cwnd":	1571592,
					"snd_wnd":	1664000,
					"rtt":	43,
					"rttvar":	3,
					"pmtu":	65535,
					"reorder":	0,
					"omitted":	false,
					"sender":	true
				}],
			"sum":	{
				"start":	1.000423,
				"end":	1.500536,
				"seconds":	0.500113010406494,
				"bytes":	2375024640,
				"bits_per_second":	37991807300.826973,
				"retransmits":	0,
				"omitted":	false,
				"sender":	true
			}
		}, {
			"streams":	[{
					"socket":	6,
					"start":	1.500536,
					"end":	2.000508,
					"seconds":	0.49997198581695557,
					"bytes":	2197422080,
					"bits_per_second":	35160723277.875763,
					"retransmits":	0,
					"snd_cwnd":	1571592,
					"snd_wnd":	1664000,
					"rtt":	33,
					"rttvar":	8,
					"pmtu":	65535,
					"reorder":	0,
					"omitted":	false,
					"sender":	true
				}],
			"sum":	{
				"start":	1.500536,
				"end":	2.000508,
				"seconds":	0.49997198581695557,
				"bytes":	2197422080,
				"bits_per_second":	35160723277.875763,
				"retransmits":	0,
				"omitted":	false,
				"sender":	true
			}
		}, {
			"streams":	[{
					"socket":	6,
					"start":	2.000508,
					"end":	2.500514,
					"seconds":	0.50000602006912231,
					"bytes":	2375417856,
					"bits_per_second":	38006228095.759567,
					"retransmits":	0,
					"snd_cwnd":	1571592,
					"snd_wnd":	1664000,
					"rtt":	33,
					"rttvar":	8,
					"pmtu":	65535,
					"reorder":	0,
					"omitted":	false,
					"sender":	true
				}],
			"sum":	{
				"start":	2.000508,
				"end":	2.500514,
				"seconds":	0.50000602006912231,
				"bytes":	2375417856,
				"bits_per_second":	38006228095.759567,
				"retransmits":	0,
				"omitted":	false,
				"sender":	true
			}
		}, {
			"streams":	[{
					"socket":	6,
					"start":	2.500514,
					"end":	3.000516,
					"seconds":	0.50000202655792236,
					"bytes":	2369126400,
					"bits_per_second":	37905868763.1227,
					"retransmits":	0,
					"snd_cwnd":	1571592,
					"snd_wnd":	1664000,
					"rtt":	32,
					"rttvar":	11,
					"pmtu":	65535,
					"reorder":	0,
					"omitted":	false,
					"sender":	true
				}],
			"sum":	{
				"start":	2.500514,
				"end":	3.000516,
				"seconds":	0.50000202655792236,
				"bytes":	2369126400,
				"bits_per_second":	37905868763.1227,
				"retransmits":	0,
				"omitted":	false,
				"sender":	true
			}
		}, {
			"streams":	[{
					"socket":	6,
					"start":	3.000516,
					"end":	3.500513,
					"seconds":	0.49999698996543884,
					"bytes":	2333474816,
					"bits_per_second":	37335821820.2281,
					"retransmits":	0,
					"snd_cwnd":	1571592,
					"snd_wnd":	1664000,
					"rtt":	32,
					"rttvar":	4,
					"pmtu":	65535,
					"reorder":	0,
					"omitted":	false,
					"sender":	true
				}],
			"sum":	{
				"start":	3.000516,
				"end":	3.500513,
				"seconds":	0.49999698996543884,
				"bytes":	2333474816,
				"bits_per_second":	37335821820.2281,
				"retransmits":	0,
				"omitted":	false,
				"sender":	true
			}
		}, {
			"streams":	[{
					"socket":	6,
					"start":	3.500513,
					"end":	4.000517,
					"seconds":	0.5000039935112,
					"bytes":	2402811904,
					"bits_per_second":	38444683405.452484,
					"retransmits":	0,
					"snd_cwnd":	1571592,
					"snd_wnd":	1664000,
					"rtt":	35,
					"rttvar":	9,
					"pmtu":	65535,
					"reorder":	0,
					"omitted":	false,
					"sender":	true
				}],
			"sum":	{
				"start":	3.500513,
				"end":	4.000517,
				"seconds":	0.5000039935112,
				"bytes":	2402811904,
				"bits_per_second":	38444683405.452484,
				"retransmits":	0,
				"omitted":	false,
				"sender":	true
			}
		}, {
			"streams":	[{
					"socket":	6,
					"start":	4.000517,
					"end":	4.500539,
					"seconds":	0.500021994113922,
					"bytes":	2387083264,
					"bits_per_second":	38191652240.899483,
					"retransmits":	0,
					"snd_cwnd":	1571592,
					"snd_wnd":	1664000,
					"rtt":	42,
					"rttvar":	3,
					"pmtu":	65535,
					"reorder":	0,
					"omitted":	false,
					"sender":	true
				}],
			"sum":	{
				"start":	4.000517,
				"end":	4.500539,
				"seconds":	0.500021994113922,
				"bytes":	2387083264,
				"bits_per_second":	38191652240.899483,
				"retransmits":	0,
				"omitted":	false,
				"sender":	true
			}
		}, {
			"streams":	[{
					"socket":	6,
					"start":	4.500539,
					"end":	5.000794,
					"seconds":	0.500254988670349,
					"bytes":	2400059392,
					"bits_per_second":	38381376639.609,
					"retransmits":	0,
					"snd_cwnd":	1571592,
					"snd_wnd":	1664000,
					"rtt":	37,
					"rttvar":	7,
					"pmtu":	65535,
					"reorder":	0,
					"omitted":	false,
					"sender":	true
				}],
			"sum":	{
				"start":	4.500539,
				"end":	5.000794,
				"seconds":	0.500254988670349,
				"bytes":	2400059392,
				"bits_per_second":	38381376639.609,
				"retransmits":	0,
				"omitted":	false,
				"sender":	true
			}
		}],
	"end":	{
		"streams":	[{
				"sender":	{
					"socket":	6,
					"start":	0,
					"end":	5.000794,
					"seconds":	5.000794,
					"bytes":	22874685440,
					"bits_per_second":	36593685626.722473,
					"retransmits":	0,
					"reorder":	0,
					"max_snd_cwnd":	1571592,
					"max_snd_wnd":	1664000,
					"max_rtt":	48,
					"min_rtt":	32,
					"mean_rtt":	37,
					"sender":	true
				},
				"receiver":	{
					"socket":	6,
					"start":	0,
					"end":	5.000916,
					"seconds":	5.000794,
					"bytes":	22874685440,
					"bits_per_second":	36592792904.339928,
					"sender":	true
				}
			}],
		"sum_sent":	{
			"start":	0,
			"end":	5.000794,
			"seconds":	5.000794,
			"bytes":	22874685440,
			"bits_per_second":	36593685626.722473,
			"retransmits":	0,
			"sender":	true
		},
		"sum_received":	{
			"start":	0,
			"end":	5.000916,
			"seconds":	5.000916,
			"bytes":	22874685440,
			"bits_per_second":	36592792904.339928,
			"sender":	true
		},
		"cpu_utilization_percent":	{
			"host_total":	99.268964165968569,
			"host_user":	1.93509367871131,
			"host_system":	97.333850493935032,
			"remote_total":	72.9072863374549,
			"remote_user":	5.5253267638951522,
			"remote_system":	67.38195957355974
		},
		"sender_tcp_congestion":	"cubic",
		"receiver_tcp_congestion":	"cubic"
	}
}
{
	"start":	{
		"connected":	[{
				"socket":	6,
				"local_host":	"127.0.0.1",
				"local_port":	58642,
				"remote_host":	"127.0.0.1",
				"remote_port":	5201
			}],
		"version":	"iperf 3.20",
		"system_info":	"Linux mathias-GL502VSK 7.0.0-31-generic #31-Ubuntu SMP PREEMPT_DYNAMIC Sat Aug  1 04:26:38 UTC 2026 x86_64",
		"timestamp":	{
			"time":	"Thu, 08 Oct 2026 12:33:30 GMT",
			"timesecs":	1791462810,
			"timemillisecs":	1791462810675
		},
		"connecting_to":	{
			"host":	"localhost",
			"port":	5201
		},
		"cookie":	"szyk4v2vvn6tec2jagzxdbxbwq6k5rl7bcqt",
		"tcp_mss_default":	32768,
		"target_bitrate":	0,
		"fq_rate":	0,
		"sock_bufsize":	0,
		"sndbuf_actual":	16384,
		"rcvbuf_actual":	131072,
		"test_start":	{
			"protocol":	"TCP",
			"num_streams":	1,
			"blksize":	131072,
			"omit":	0,
			"duration":	5,
			"bytes":	0,
			"blocks":	0,
			"reverse":	0,
			"tos":	0,
			"target_bitrate":	0,
			"bidir":	0,
			"fqrate":	0,
			"interval":	0.5
		}
	},
	"intervals":	[{
			"streams":	[{
					"socket":	6,
					"start":	0,
					"end":	0.500519,
					"seconds":	0.50051897764205933,
					"bytes":	2167799808,
					"bits_per_second":	34648832988.710823,
					"retransmits":	0,
					"snd_cwnd":	1047728,
					"snd_wnd":	1665024,
					"rtt":	67,
					"rttvar":	29,
					"pmtu":	65535,
					"reorder":	0,
					"omitted":	false,
					"sender":	true
				}],
			"sum":	{
				"start":	0,
				"end":	0.500519,
				"seconds":	0.50051897764205933,
				"bytes":	2167799808,
				"bits_per_second":	34648832988.710823,
				"retransmits":	0,
				"omitted":	false,
				"sender":	true
			}
		}, {
			"streams":	[{
					"socket":	6,
					"start":	0.500519,
					"end":	1.000539,
					"seconds":	0.50002002716064453,
					"bytes":	2311192576,
					"bits_per_second":	36977600103.324966,
					"retransmits":	0,
					"snd_cwnd":	1047728,
					"snd_wnd":	1665024,
					"rtt":	41,
					"rttvar":	1,
					"pmtu":	65535,
					"reorder":	0,
					"omitted":	false,
					"sender":	true
				}],
			"sum":	{
				"start":	0.500519,
				"end":	1.000539,
				"seconds":	0.50002002716064453,
				"bytes":	2311192576,
				"bits_per_second":	36977600103.324966,
				"retransmits":	0,
				"omitted":	false,
				"sender":	true
			}
		}, {
			"streams":	[{
					"socket":	6,
					"start":	1.000539,
					"end":	1.500538,
					"seconds":	0.49999898672103882,
					"bytes":	2349072384,
					"bits_per_second":	37585234312.654358,
					"retransmits":	0,
					"snd_cwnd":	1047728,
					"snd_wnd":	1665024,
					"rtt":	33,
					"rttvar":	5,
					"pmtu":	65535,
					"reorder":	0,
					"omitted":	false,
					"sender":	true
				}],
			"sum":	{
				"start":	1.000539,
				"end":	1.500538,
				"seconds":	0.49999898672103882,
				"bytes":	2349072384,
				"bits_per_second":	37585234312.654358,
				"retransmits":	0,
				"omitted":	false,
				"sender":	true
			}
		}, {
			"streams":	[{
					"socket":	6,
					"start":	1.500538,
					"end":	2.000539,
					"seconds":	0.50000101327896118,
					"bytes":	2368864256,
					"bits_per_second":	37901751285.905663,
					"retransmits":	0,
					"snd_cwnd":	1047728,
					"snd_wnd":	1665024,
					"rtt":	39,
					"rttvar":	8,
					"pmtu":	65535,
					"reorder":	0,
					"omitted":	false,
					"sender":	true
				}],
			"sum":	{
				"start":	1.500538,
				"end":	2.000539,
				"seconds":	0.50000101327896118,
				"bytes":	2368864256,
				"bits_per_second":	37901751285.905663,
				"retransmits":	0,
				"omitted":	false,
				"sender":	true
			}
		}, {
			"streams":	[{
					"socket":	6,
					"start":	2.000539,
					"end":	2.500509,
					"seconds":	0.49996998906135559,
					"bytes":	2253520896,
					"bits_per_second":	36058498634.780273,
					"retransmits":	0,
					"snd_cwnd":	1047728,
					"snd_wnd":	1665024,
					"rtt":	38,
					"rttvar":	15,
					"pmtu":	65535,
					"reorder":	0,
					"omitted":	false,
					"sender":	true
				}],
			"sum":	{
				"start":	2.000539,
				"end":	2.500509,
				"seconds":	0.49996998906135559,
				"bytes":	2253520896,
				"bits_per_second":	36058498634.780273,
				"retransmits":	0,
				"omitted":	false,
				"sender":	true
			}
		}, {
			"streams":	[{
					"socket":	6,
					"start":	2.500509,
					"end":	3.000516,
					"seconds":	0.50000697374343872,
					"bytes":	2351431680,
					"bits_per_second":	37622382142.318771,
					"retransmits":	0,
					"snd_cwnd":	1047728,
					"snd_wnd":	1665024,
					"rtt":	41,
					"rttvar":	21,
					"pmtu":	65535,
					"reorder":	0,
					"omitted":	false,
					"sender":	true
				}],
			"sum":	{
				"start":	2.500509,
				"end":	3.000516,
				"seconds":	0.50000697374343872,
				"bytes":	2351431680,
				"bits_per_second":	37622382142.318771,
				"retransmits":	0,
				"omitted":	false,
				"sender":	true
			}
		}, {
			"streams":	[{
					"socket":	6,
					"start":	3.000516,
					"end":	3.500515,
					"seconds":	0.49999898672103882,
					"bytes":	2345009152,
					"bits_per_second":	37520222468.9041,
					"retransmits":	0,
					"snd_cwnd":	1047728,
					"snd_wnd":	1665024,
					"rtt":	31,
					"rttvar":	7,
					"pmtu":	65535,
					"reorder":	0,
					"omitted":	false,
					"sender":	true
				}],
			"sum":	{
				"start":	3.000516,
				"end":	3.500515,
				"seconds":	0.49999898672103882,
				"bytes":	2345009152,
				"bits_per_second":	37520222468.9041,
				"retransmits":	0,
				"omitted":	false,
				"sender":	true
			}
		}, {
			"streams":	[{
					"socket":	6,
					"start":	3.500515,
					"end":	4.000516,
					"seconds":	0.50000101327896118,
					"bytes":	2383282176,
					"bits_per_second":	38132437538.4066,
					"retransmits":	0,
					"snd_cwnd":	1047728,
					"snd_wnd":	1665024,
					"rtt":	31,
					"rttvar":	6,
					"pmtu":	65535,
					"reorder":	0,
					"omitted":	false,
					"sender":	true
				}],
			"sum":	{
				"start":	3.500515,
				"end":	4.000516,
				"seconds":	0.50000101327896118,
				"bytes":	2383282176,
				"bits_per_second":	38132437538.4066,
				"retransmits":	0,
				"omitted":	false,
				"sender":	true
			}
		}, {
			"streams":	[{
					"socket":	6,
					"start":	4.000516,
					"end":	4.500517,
					"seconds":	0.50000101327896118,
					"bytes":	2376728576,
					"bits_per_second":	38027580150.906174,
					"retransmits":	0,
					"snd_cwnd":	1047728,
					"snd_wnd":	1665024,
					"rtt":	37,
					"rttvar":	15,
					"pmtu":	65535,
					"reorder":	0,
					"omitted":	false,
					"sender":	true
				}],
			"sum":	{
				"start":	4.000516,
				"end":	4.500517,
				"seconds":	0.50000101327896118,
				"bytes":	2376728576,
				"bits_per_second":	38027580150.906174,
				"retransmits":	0,
				"omitted":	false,
				"sender":	true
			}
		}, {
			"streams":	[{
					"socket":	6,
					"start":	4.500517,
					"end":	5.000765,
					"seconds":	0.5002480149269104,
					"bytes":	2367553536,
					"bits_per_second":	37862075856.047775,
					"retransmits":	0,
					"snd_cwnd":	1047728,
					"snd_wnd":	1665024,
					"rtt":	31,
					"rttvar":	8,
					"pmtu":	65535,
					"reorder":	0,
					"omitted":	false,
					"sender":	true
				}],
			"sum":	{
				"start":	4.500517,
				"end":	5.000765,
				"seconds":	0.5002480149269104,
				"bytes":	2367553536,
				"bits_per_second":	37862075856.047775,
				"retransmits":	0,
				"omitted":	false,
				"sender":	true
			}
		}],
	"end":	{
		"streams":	[{
				"sender":	{
					"socket":	6,
					"start":	0,
					"end":	5.000765,
					"seconds":	5.000765,
					"bytes":	23353098240,
					"bits_per_second":	37359241220.093323,
					"retransmits":	0,
					"reorder":	0,
					"max_snd_cwnd":	1047728,
					"max_snd_wnd":	1665024,
					"max_rtt":	67,
					"min_rtt":	31,
					"mean_rtt":	38,
					"sender":	true
				},
				"receiver":	{
					"socket":	6,
					"start":	0,
					"end":	5.000847,
					"seconds":	5.000765,
					"bytes":	23353098240,
					"bits_per_second":	37358628632.309685,
					"sender":	true
				}
			}],
		"sum_sent":	{
			"start":	0,
			"end":	5.000765,
			"seconds":	5.000765,
			"bytes":	23353098240,
			"bits_per_second":	37359241220.093323,
			"retransmits":	0,
			"sender":	true
		},
		"sum_received":	{
			"start":	0,
			"end":	5.000847,
			"seconds":	5.000847,
			"bytes":	23353098240,
			"bits_per_second":	37358628632.309685,
			"sender":	true
		},
		"cpu_utilization_percent":	{
			"host_total":	100.02321298039473,
			"host_user":	2.1593470134631287,
			"host_system":	97.8638659669316,
			"remote_total":	73.408605629504976,
			"remote_user":	6.0116587806991824,
			"remote_system":	67.3969468488058
		},
		"sender_tcp_congestion":	"cubic",
		"receiver_tcp_congestion":	"cubic"
	}
}
{
	"start":	{
		"connected":	[{
				"socket":	6,
				"local_host":	"127.0.0.1",
				"local_port":	49466,
				"remote_host":	"127.0.0.1",
				"remote_port":	5201
			}],
		"version":	"iperf 3.20",
		"system_info":	"Linux mathias-GL502VSK 7.0.0-31-generic #31-Ubuntu SMP PREEMPT_DYNAMIC Sat Aug  1 04:26:38 UTC 2026 x86_64",
		"timestamp":	{
			"time":	"Thu, 08 Oct 2026 12:33:37 GMT",
			"timesecs":	1791462817,
			"timemillisecs":	1791462817486
		},
		"connecting_to":	{
			"host":	"localhost",
			"port":	5201
		},
		"cookie":	"vup7zno3lcdgvaarcbn26yjmgg7xdgw7s5ku",
		"tcp_mss_default":	32768,
		"target_bitrate":	0,
		"fq_rate":	0,
		"sock_bufsize":	0,
		"sndbuf_actual":	16384,
		"rcvbuf_actual":	131072,
		"test_start":	{
			"protocol":	"TCP",
			"num_streams":	1,
			"blksize":	131072,
			"omit":	0,
			"duration":	5,
			"bytes":	0,
			"blocks":	0,
			"reverse":	0,
			"tos":	0,
			"target_bitrate":	0,
			"bidir":	0,
			"fqrate":	0,
			"interval":	0.5
		}
	},
	"intervals":	[{
			"streams":	[{
					"socket":	6,
					"start":	0,
					"end":	0.50043,
					"seconds":	0.50042998790740967,
					"bytes":	1830682624,
					"bits_per_second":	29265754143.234371,
					"retransmits":	0,
					"snd_cwnd":	1309660,
					"snd_wnd":	815104,
					"rtt":	34,
					"rttvar":	9,
					"pmtu":	65535,
					"reorder":	0,
					"omitted":	false,
					"sender":	true
				}],
			"sum":	{
				"start":	0,
				"end":	0.50043,
				"seconds":	0.50042998790740967,
				"bytes":	1830682624,
				"bits_per_second":	29265754143.234371,
				"retransmits":	0,
				"omitted":	false,
				"sender":	true
			}
		}, {
			"streams":	[{
					"socket":	6,
					"start":	0.50043,
					"end":	1.000554,
					"seconds":	0.50012397766113281,
					"bytes":	2058878976,
					"bits_per_second":	32933897480.836678,
					"retransmits":	0,
					"snd_cwnd":	1309660,
					"snd_wnd":	949248,
					"rtt":	39,
					"rttvar":	1,
					"pmtu":	65535,
					"reorder":	0,
					"omitted":	false,
					"sender":	true
				}],
			"sum":	{
				"start":	0.50043,
				"end":	1.000554,
				"seconds":	0.50012397766113281,
				"bytes":	2058878976,
				"bits_per_second":	32933897480.836678,
				"retransmits":	0,
				"omitted":	false,
				"sender":	true
			}
		}, {
			"streams":	[{
					"socket":	6,
					"start":	1.000554,
					"end":	1.500513,
					"seconds":	0.49995899200439453,
					"bytes":	2376335360,
					"bits_per_second":	38024484375.776367,
					"retransmits":	0,
					"snd_cwnd":	1309660,
					"snd_wnd":	949248,
					"rtt":	32,
					"rttvar":	7,
					"pmtu":	65535,
					"reorder":	0,
					"omitted":	false,
					"sender":	true
				}],
			"sum":	{
				"start":	1.000554,
				"end":	1.500513,
				"seconds":	0.49995899200439453,
				"bytes":	2376335360,
				"bits_per_second":	38024484375.776367,
				"retransmits":	0,
				"omitted":	false,
				"sender":	true
			}
		}, {
			"streams":	[{
					"socket":	6,
					"start":	1.500513,
					"end":	2.000516,
					"seconds":	0.50000298023223877,
					"bytes":	2363359232,
					"bits_per_second":	37813522325.8434,
					"retransmits":	0,
					"snd_cwnd":	1309660,
					"snd_wnd":	949248,
					"rtt":	33,
					"rttvar":	9,
					"pmtu":	65535,
					"reorder":	0,
					"omitted":	false,
					"sender":	true
				}],
			"sum":	{
				"start":	1.500513,
				"end":	2.000516,
				"seconds":	0.50000298023223877,
				"bytes":	2363359232,
				"bits_per_second":	37813522325.8434,
				"retransmits":	0,
				"omitted":	false,
				"sender":	true
			}
		}, {
			"streams":	[{
					"socket":	6,
					"start":	2.000516,
					"end":	2.500067,
					"seconds":	0.499550998210907,
					"bytes":	2387607552,
					"bits_per_second":	38236056947.954987,
					"retransmits":	0,
					"snd_cwnd":	1309660,
					"snd_wnd":	949248,
					"rtt":	40,
					"rttvar":	9,
					"pmtu":	65535,
					"reorder":	0,
					"omitted":	false,
					"sender":	true
				}],
			"sum":	{
				"start":	2.000516,
				"end":	2.500067,
				"seconds":	0.499550998210907,
				"bytes":	2387607552,
				"bits_per_second":	38236056947.954987,
				"retransmits":	0,
				"omitted":	false,
				"sender":	true
			}
		}, {
			"streams":	[{
					"socket":	6,
					"start":	2.500067,
					"end":	3.000525,
					"seconds":	0.500458002090454,
					"bytes":	2317877248,
					"bits_per_second":	37052096093.067337,
					"retransmits":	0,
					"snd_cwnd":	1309660,
					"snd_wnd":	951296,
					"rtt":	47,
					"rttvar":	33,
					"pmtu":	65535,
					"reorder":	0,
					"omitted":	false,
					"sender":	true
				}],
			"sum":	{
				"start":	2.500067,
				"end":	3.000525,
				"seconds":	0.500458002090454,
				"bytes":	2317877248,
				"bits_per_second":	37052096093.067337,
				"retransmits":	0,
				"omitted":	false,
				"sender":	true
			}
		}, {
			"streams":	[{
					"socket":	6,
					"start":	3.000525,
					"end":	3.500531,
					"seconds":	0.50000602006912231,
					"bytes":	2328756224,
					"bits_per_second":	37259650972.651344,
					"retransmits":	0,
					"snd_cwnd":	1309660,
					"snd_wnd":	951296,
					"rtt":	36,
					"rttvar":	7,
					"pmtu":	65535,
					"reorder":	0,
					"omitted":	false,
					"sender":	true
				}],
			"sum":	{
				"start":	3.000525,
				"end":	3.500531,
				"seconds":	0.50000602006912231,
				"bytes":	2328756224,
				"bits_per_second":	37259650972.651344,
				"retransmits":	0,
				"omitted":	false,
				"sender":	true
			}
		}, {
			"streams":	[{
					"socket":	6,
					"start":	3.500531,
					"end":	4.000533,
					"seconds":	0.50000202655792236,
					"bytes":	2308046848,
					"bits_per_second":	36928599892.106651,
					"retransmits":	0,
					"snd_cwnd":	1309660,
					"snd_wnd":	1079296,
					"rtt":	36,
					"rttvar":	3,
					"pmtu":	65535,
					"reorder":	0,
					"omitted":	false,
					"sender":	true
				}],
			"sum":	{
				"start":	3.500531,
				"end":	4.000533,
				"seconds":	0.50000202655792236,
				"bytes":	2308046848,
				"bits_per_second":	36928599892.106651,
				"retransmits":	0,
				"omitted":	false,
				"sender":	true
			}
		}, {
			"streams":	[{
					"socket":	6,
					"start":	4.000533,
					"end":	4.500512,
					"seconds":	0.49997898936271667,
					"bytes":	2336882688,
					"bits_per_second":	37391694254.650787,
					"retransmits":	0,
					"snd_cwnd":	1309660,
					"snd_wnd":	1080320,
					"rtt":	33,
					"rttvar":	8,
					"pmtu":	65535,
					"reorder":	0,
					"omitted":	false,
					"sender":	true
				}],
			"sum":	{
				"start":	4.000533,
				"end":	4.500512,
				"seconds":	0.49997898936271667,
				"bytes":	2336882688,
				"bits_per_second":	37391694254.650787,
				"retransmits":	0,
				"omitted":	false,
				"sender":	true
			}
		}, {
			"streams":	[{
					"socket":	6,
					"start":	4.500512,
					"end":	5.000863,
					"seconds":	0.50035101175308228,
					"bytes":	2396520448,
					"bits_per_second":	38317427433.2461,
					"retransmits":	0,
					"snd_cwnd":	1309660,
					"snd_wnd":	1080320,
					"rtt":	34,
					"rttvar":	10,
					"pmtu":	65535,
					"reorder":	0,
					"omitted":	false,
					"sender":	true
				}],
			"sum":	{
				"start":	4.500512,
				"end":	5.000863,
				"seconds":	0.50035101175308228,
				"bytes":	2396520448,
				"bits_per_second":	38317427433.2461,
				"retransmits":	0,
				"omitted":	false,
				"sender":	true
			}
		}],
	"end":	{
		"streams":	[{
				"sender":	{
					"socket":	6,
					"start":	0,
					"end":	5.000863,
					"seconds":	5.000863,
					"bytes":	22834970624,
					"bits_per_second":	36529647981.158455,
					"retransmits":	0,
					"reorder":	0,
					"max_snd_cwnd":	1309660,
					"max_snd_wnd":	1080320,
					"max_rtt":	47,
					"min_rtt":	32,
					"mean_rtt":	36,
					"sender":	true
				},
				"receiver":	{
					"socket":	6,
					"start":	0,
					"end":	5.000917,
					"seconds":	5.000863,
					"bytes":	22835101696,
					"bits_per_second":	36529463210.047272,
					"sender":	true
				}
			}],
		"sum_sent":	{
			"start":	0,
			"end":	5.000863,
			"seconds":	5.000863,
			"bytes":	22834970624,
			"bits_per_second":	36529647981.158455,
			"retransmits":	0,
			"sender":	true
		},
		"sum_received":	{
			"start":	0,
			"end":	5.000917,
			"seconds":	5.000917,
			"bytes":	22835101696,
			"bits_per_second":	36529463210.047272,
			"sender":	true
		},
		"cpu_utilization_percent":	{
			"host_total":	99.971870256104623,
			"host_user":	1.9986512917390318,
			"host_system":	97.9732189643656,
			"remote_total":	73.393650066167638,
			"remote_user":	5.6538638582312828,
			"remote_system":	67.739786207936362
		},
		"sender_tcp_congestion":	"cubic",
		"receiver_tcp_congestion":	"cubic"
	}
}
